#
# There is insufficient memory for the Java Runtime Environment to continue.
# Native memory allocation (malloc) failed to allocate 689616 bytes for Chunk::new
# Possible reasons:
#   The system is out of physical RAM or swap space
#   The process is running with CompressedOops enabled, and the Java Heap may be blocking the growth of the native heap
# Possible solutions:
#   Reduce memory load on the system
#   Increase physical memory or swap space
#   Check if swap backing store is full
#   Decrease Java heap size (-Xmx/-Xms)
#   Decrease number of Java threads
#   Decrease Java thread stack sizes (-Xss)
#   Set larger code cache with -XX:ReservedCodeCacheSize=
#   JVM is running with Zero Based Compressed Oops mode in which the Java heap is
#     placed in the first 32GB address space. The Java Heap base address is the
#     maximum limit for the native heap growth. Please use -XX:HeapBaseMinAddress
#     to set the Java Heap base and to place the Java Heap above 32GB virtual address.
# This output file may be truncated or incomplete.
#
#  Out of Memory Error (arena.cpp:168), pid=31504, tid=2548
#
# JRE version: Java(TM) SE Runtime Environment (21.0.2+13) (build 21.0.2+13-LTS-58)
# Java VM: Java HotSpot(TM) 64-Bit Server VM (21.0.2+13-LTS-58, mixed mode, sharing, tiered, compressed oops, compressed class ptrs, g1 gc, windows-amd64)
# No core dump will be written. Minidumps are not enabled by default on client versions of Windows
#

---------------  S U M M A R Y ------------

Command Line: --add-opens=java.base/java.lang=ALL-UNNAMED --add-opens=java.base/java.lang.invoke=ALL-UNNAMED --add-opens=java.base/java.util=ALL-UNNAMED --add-opens=java.prefs/java.util.prefs=ALL-UNNAMED --add-exports=jdk.compiler/com.sun.tools.javac.api=ALL-UNNAMED --add-exports=jdk.compiler/com.sun.tools.javac.util=ALL-UNNAMED --add-opens=java.base/java.util=ALL-UNNAMED --add-opens=java.prefs/java.util.prefs=ALL-UNNAMED --add-opens=java.base/java.nio.charset=ALL-UNNAMED --add-opens=java.base/java.net=ALL-UNNAMED --add-opens=java.base/java.util.concurrent.atomic=ALL-UNNAMED --add-opens=java.xml/javax.xml.namespace=ALL-UNNAMED -Xmx4608m -Dfile.encoding=UTF-8 -Duser.country=US -Duser.language=en -Duser.variant -javaagent:C:\Users\Apoorv Rathore\.gradle\wrapper\dists\gradle-8.11.1-bin\bpt9gzteqjrbo1mjrsomdt32c\gradle-8.11.1\lib\agents\gradle-instrumentation-agent-8.11.1.jar org.gradle.launcher.daemon.bootstrap.GradleDaemon 8.11.1

Host: AMD Ryzen 5 5500U with Radeon Graphics         , 12 cores, 7G,  Windows 11 , 64 bit Build 26100 (10.0.26100.9444)
Time: Mon Sep 14 13:26:30 2026 India Standard Time elapsed time: 452.897928 seconds (0d 0h 7m 32s)

---------------  T H R E A D  ---------------

Current thread (0x000002c07f8bf3c0):  JavaThread "C2 CompilerThread0" daemon [_thread_in_native, id=2548, stack(0x000000c0c6e00000,0x000000c0c6f00000) (1024K)]


Current CompileTask:
C2: 452898 12369       4       com.google.common.cache.LocalCache$Segment::loadSync (19 bytes)

Stack: [0x000000c0c6e00000,0x000000c0c6f00000]
Native frames: (J=compiled Java code, j=interpreted, Vv=VM code, C=native code)
V  [jvm.dll+0x6cade9]
V  [jvm.dll+0x8569c1]
V  [jvm.dll+0x858d2e]
V  [jvm.dll+0x859413]
V  [jvm.dll+0x280e56]
V  [jvm.dll+0xc3f3d]
V  [jvm.dll+0xc4473]
V  [jvm.dll+0x3b5bf2]
V  [jvm.dll+0x382855]
V  [jvm.dll+0x381cca]
V  [jvm.dll+0x249bd0]
V  [jvm.dll+0x2491b1]
V  [jvm.dll+0x1c9634]
V  [jvm.dll+0x258859]
V  [jvm.dll+0x256e3a]
V  [jvm.dll+0x3ef6c6]
V  [jvm.dll+0x7ff568]
V  [jvm.dll+0x6c953d]
C  [ucrtbase.dll+0x2cd30]
C  [KERNEL32.DLL+0x2cd87]
C  [ntdll.dll+0xacaec]


---------------  P R O C E S S  ---------------

Threads class SMR info:
_java_thread_list=0x000002c04e9baec0, length=121, elements={
0x000002c061f96c20, 0x000002c07f8b0fd0, 0x000002c07f8b1c30, 0x000002c07f8b75b0,
0x000002c07f8ba8f0, 0x000002c07f8baf80, 0x000002c07f8bb610, 0x000002c07f8bf3c0,
0x000002c07f8d77c0, 0x000002c07f8ba260, 0x000002c07f8b9540, 0x000002c07f8b8190,
0x000002c07f8b8820, 0x000002c07f8b8eb0, 0x000002c04a75a250, 0x000002c04a757460,
0x000002c04a758180, 0x000002c04a759530, 0x000002c04a757af0, 0x000002c04a75a8e0,
0x000002c04a758810, 0x000002c04a758ea0, 0x000002c04a759bc0, 0x000002c04a87a4d0,
0x000002c04a879e40, 0x000002c04a87b880, 0x000002c04a87bf10, 0x000002c04a87b1f0,
0x000002c04a878a90, 0x000002c04a87c5a0, 0x000002c04a87cc30, 0x000002c04a87d2c0,
0x000002c04a87d950, 0x000002c04a87dfe0, 0x000002c04a87ab60, 0x000002c04a87e670,
0x000002c04a87ed00, 0x000002c04a87fa20, 0x000002c04a8800b0, 0x000002c04a87f390,
0x000002c04bd97f70, 0x000002c04bd96530, 0x000002c04bd99320, 0x000002c04bd98600,
0x000002c04bd95ea0, 0x000002c04bd999b0, 0x000002c04bd9a040, 0x000002c04bd96bc0,
0x000002c04bd9a6d0, 0x000002c04bd97250, 0x000002c04bd9c7a0, 0x000002c04bd9ad60,
0x000002c04bd9ce30, 0x000002c04bd9c110, 0x000002c04bd9d4c0, 0x000002c04bd9b3f0,
0x000002c04bd9ba80, 0x000002c04dc08240, 0x000002c04dc06e90, 0x000002c04dc088d0,
0x000002c04dc07520, 0x000002c04dc095f0, 0x000002c04dc08f60, 0x000002c04dc0b030,
0x000002c04dc0a9a0, 0x000002c04dc07bb0, 0x000002c04dc0b6c0, 0x000002c04dc0bd50,
0x000002c04dc0ca70, 0x000002c04dc09c80, 0x000002c04dc0de20, 0x000002c04dc0e4b0,
0x000002c04e0e5400, 0x000002c04e0e39c0, 0x000002c04e0e5a90, 0x000002c04e0e74d0,
0x000002c04e0e4d70, 0x000002c04e0e6120, 0x000002c04e0e46e0, 0x000002c04e0e6e40,
0x000002c04e0e67b0, 0x000002c04e0e4050, 0x000002c04e0e8880, 0x000002c04e0e8f10,
0x000002c04e0e9c30, 0x000002c04e0ea2c0, 0x000002c04e0eafe0, 0x000002c04e0e81f0,
0x000002c04e0e95a0, 0x000002c04e0ea950, 0x000002c04e0e7b60, 0x000002c04f26f130,
0x000002c04f26f7c0, 0x000002c04f26d6f0, 0x000002c04f26eaa0, 0x000002c04f26d060,
0x000002c04f2704e0, 0x000002c04f26fe50, 0x000002c04f270b70, 0x000002c04f271200,
0x000002c04f26dd80, 0x000002c04f271890, 0x000002c04f26e410, 0x000002c04f273ff0,
0x000002c04a879120, 0x000002c04f3dcd30, 0x000002c04f3dd3c0, 0x000002c04f3dfb20,
0x000002c04f3de770, 0x000002c04f3e01b0, 0x000002c04f3dda50, 0x000002c04f3de0e0,
0x000002c04f3dee00, 0x000002c04f3df490, 0x000002c04f24aaf0, 0x000002c04f24b180,
0x000002c04f249dd0, 0x000002c04f24a460, 0x000002c04f24b810, 0x000002c04f2490b0,
0x000002c04f24bea0
}

Java Threads: ( => current thread )
  0x000002c061f96c20 JavaThread "main"                              [_thread_blocked, id=21096, stack(0x000000c0c6000000,0x000000c0c6100000) (1024K)]
  0x000002c07f8b0fd0 JavaThread "Reference Handler"          daemon [_thread_blocked, id=13112, stack(0x000000c0c6800000,0x000000c0c6900000) (1024K)]
  0x000002c07f8b1c30 JavaThread "Finalizer"                  daemon [_thread_blocked, id=24792, stack(0x000000c0c6900000,0x000000c0c6a00000) (1024K)]
  0x000002c07f8b75b0 JavaThread "Signal Dispatcher"          daemon [_thread_blocked, id=15508, stack(0x000000c0c6a00000,0x000000c0c6b00000) (1024K)]
  0x000002c07f8ba8f0 JavaThread "Attach Listener"            daemon [_thread_blocked, id=14456, stack(0x000000c0c6b00000,0x000000c0c6c00000) (1024K)]
  0x000002c07f8baf80 JavaThread "Service Thread"             daemon [_thread_blocked, id=1648, stack(0x000000c0c6c00000,0x000000c0c6d00000) (1024K)]
  0x000002c07f8bb610 JavaThread "Monitor Deflation Thread"   daemon [_thread_blocked, id=31668, stack(0x000000c0c6d00000,0x000000c0c6e00000) (1024K)]
=>0x000002c07f8bf3c0 JavaThread "C2 CompilerThread0"         daemon [_thread_in_native, id=2548, stack(0x000000c0c6e00000,0x000000c0c6f00000) (1024K)]
  0x000002c07f8d77c0 JavaThread "C1 CompilerThread0"         daemon [_thread_blocked, id=5400, stack(0x000000c0c6f00000,0x000000c0c7000000) (1024K)]
  0x000002c07f8ba260 JavaThread "Common-Cleaner"             daemon [_thread_blocked, id=12764, stack(0x000000c0c7000000,0x000000c0c7100000) (1024K)]
  0x000002c07f8b9540 JavaThread "Notification Thread"        daemon [_thread_blocked, id=30736, stack(0x000000c0c7100000,0x000000c0c7200000) (1024K)]
  0x000002c07f8b8190 JavaThread "Daemon health stats"               [_thread_blocked, id=13184, stack(0x000000c0c7600000,0x000000c0c7700000) (1024K)]
  0x000002c07f8b8820 JavaThread "Incoming local TCP Connector on port 52304"        [_thread_in_native, id=1424, stack(0x000000c0c7700000,0x000000c0c7800000) (1024K)]
  0x000002c07f8b8eb0 JavaThread "Daemon periodic checks"            [_thread_blocked, id=30092, stack(0x000000c0c7800000,0x000000c0c7900000) (1024K)]
  0x000002c04a75a250 JavaThread "Daemon"                            [_thread_blocked, id=13936, stack(0x000000c0c7900000,0x000000c0c7a00000) (1024K)]
  0x000002c04a757460 JavaThread "Handler for socket connection from /127.0.0.1:52304 to /127.0.0.1:52308"        [_thread_in_native, id=20228, stack(0x000000c0c7a00000,0x000000c0c7b00000) (1024K)]
  0x000002c04a758180 JavaThread "Cancel handler"                    [_thread_blocked, id=9588, stack(0x000000c0c7b00000,0x000000c0c7c00000) (1024K)]
  0x000002c04a759530 JavaThread "Daemon worker"                     [_thread_in_native, id=17652, stack(0x000000c0c7c00000,0x000000c0c7d00000) (1024K)]
  0x000002c04a757af0 JavaThread "Asynchronous log dispatcher for DefaultDaemonConnection: socket connection from /127.0.0.1:52304 to /127.0.0.1:52308"        [_thread_blocked, id=28700, stack(0x000000c0c7d00000,0x000000c0c7e00000) (1024K)]
  0x000002c04a75a8e0 JavaThread "Stdin handler"                     [_thread_blocked, id=17964, stack(0x000000c0c7e00000,0x000000c0c7f00000) (1024K)]
  0x000002c04a758810 JavaThread "Daemon client event forwarder"        [_thread_blocked, id=20548, stack(0x000000c0c7f00000,0x000000c0c8000000) (1024K)]
  0x000002c04a758ea0 JavaThread "Cache worker for journal cache (C:\Users\Apoorv Rathore\.gradle\caches\journal-1)"        [_thread_blocked, id=10392, stack(0x000000c0c8000000,0x000000c0c8100000) (1024K)]
  0x000002c04a759bc0 JavaThread "File lock request listener"        [_thread_in_native, id=15844, stack(0x000000c0c8100000,0x000000c0c8200000) (1024K)]
  0x000002c04a87a4d0 JavaThread "Cache worker for file hash cache (C:\Users\Apoorv Rathore\.gradle\caches\8.11.1\fileHashes)"        [_thread_blocked, id=31224, stack(0x000000c0c8300000,0x000000c0c8400000) (1024K)]
  0x000002c04a879e40 JavaThread "Cache worker for file content cache (C:\Users\Apoorv Rathore\.gradle\caches\8.11.1\fileContent)"        [_thread_blocked, id=24636, stack(0x000000c0c8900000,0x000000c0c8a00000) (1024K)]
  0x000002c04a87b880 JavaThread "Cache worker for file hash cache (C:\Users\Apoorv Rathore\Ludo\.gradle\8.11.1\fileHashes)"        [_thread_blocked, id=30372, stack(0x000000c0c8c00000,0x000000c0c8d00000) (1024K)]
  0x000002c04a87bf10 JavaThread "Cache worker for Build Output Cleanup Cache (C:\Users\Apoorv Rathore\Ludo\.gradle\buildOutputCleanup)"        [_thread_blocked, id=6356, stack(0x000000c0c8d00000,0x000000c0c8e00000) (1024K)]
  0x000002c04a87b1f0 JavaThread "File watcher server"        daemon [_thread_in_native, id=28128, stack(0x000000c0c8e00000,0x000000c0c8f00000) (1024K)]
  0x000002c04a878a90 JavaThread "File watcher consumer"      daemon [_thread_blocked, id=1076, stack(0x000000c0c8f00000,0x000000c0c9000000) (1024K)]
  0x000002c04a87c5a0 JavaThread "jar transforms"                    [_thread_blocked, id=30812, stack(0x000000c0c9000000,0x000000c0c9100000) (1024K)]
  0x000002c04a87cc30 JavaThread "jar transforms Thread 2"           [_thread_blocked, id=31312, stack(0x000000c0c9100000,0x000000c0c9200000) (1024K)]
  0x000002c04a87d2c0 JavaThread "jar transforms Thread 3"           [_thread_blocked, id=29628, stack(0x000000c0c9200000,0x000000c0c9300000) (1024K)]
  0x000002c04a87d950 JavaThread "jar transforms Thread 4"           [_thread_blocked, id=16084, stack(0x000000c0c9300000,0x000000c0c9400000) (1024K)]
  0x000002c04a87dfe0 JavaThread "jar transforms Thread 5"           [_thread_blocked, id=22600, stack(0x000000c0c9400000,0x000000c0c9500000) (1024K)]
  0x000002c04a87ab60 JavaThread "jar transforms Thread 6"           [_thread_blocked, id=20372, stack(0x000000c0c9500000,0x000000c0c9600000) (1024K)]
  0x000002c04a87e670 JavaThread "jar transforms Thread 7"           [_thread_blocked, id=24708, stack(0x000000c0c9600000,0x000000c0c9700000) (1024K)]
  0x000002c04a87ed00 JavaThread "jar transforms Thread 8"           [_thread_blocked, id=896, stack(0x000000c0c9700000,0x000000c0c9800000) (1024K)]
  0x000002c04a87fa20 JavaThread "jar transforms Thread 9"           [_thread_blocked, id=30088, stack(0x000000c0c9800000,0x000000c0c9900000) (1024K)]
  0x000002c04a8800b0 JavaThread "jar transforms Thread 10"          [_thread_blocked, id=18428, stack(0x000000c0c9900000,0x000000c0c9a00000) (1024K)]
  0x000002c04a87f390 JavaThread "jar transforms Thread 11"          [_thread_blocked, id=27812, stack(0x000000c0c9a00000,0x000000c0c9b00000) (1024K)]
  0x000002c04bd97f70 JavaThread "jar transforms Thread 12"          [_thread_blocked, id=28452, stack(0x000000c0c9b00000,0x000000c0c9c00000) (1024K)]
  0x000002c04bd96530 JavaThread "Cache worker for checksums cache (C:\Users\Apoorv Rathore\Ludo\.gradle\8.11.1\checksums)"        [_thread_blocked, id=25276, stack(0x000000c0c9c00000,0x000000c0c9d00000) (1024K)]
  0x000002c04bd99320 JavaThread "Cache worker for cache directory md-rule (C:\Users\Apoorv Rathore\.gradle\caches\8.11.1\md-rule)"        [_thread_blocked, id=23260, stack(0x000000c0c9d00000,0x000000c0c9e00000) (1024K)]
  0x000002c04bd98600 JavaThread "Cache worker for cache directory md-supplier (C:\Users\Apoorv Rathore\.gradle\caches\8.11.1\md-supplier)"        [_thread_blocked, id=15976, stack(0x000000c0c9e00000,0x000000c0c9f00000) (1024K)]
  0x000002c04bd95ea0 JavaThread "Unconstrained build operations"        [_thread_blocked, id=26824, stack(0x000000c0c5d00000,0x000000c0c5e00000) (1024K)]
  0x000002c04bd999b0 JavaThread "Unconstrained build operations Thread 2"        [_thread_blocked, id=10304, stack(0x000000c0c5e00000,0x000000c0c5f00000) (1024K)]
  0x000002c04bd9a040 JavaThread "Unconstrained build operations Thread 3"        [_thread_blocked, id=4208, stack(0x000000c0c5f00000,0x000000c0c6000000) (1024K)]
  0x000002c04bd96bc0 JavaThread "Unconstrained build operations Thread 4"        [_thread_blocked, id=28932, stack(0x000000c0c9f00000,0x000000c0ca000000) (1024K)]
  0x000002c04bd9a6d0 JavaThread "Unconstrained build operations Thread 5"        [_thread_blocked, id=15720, stack(0x000000c0ca000000,0x000000c0ca100000) (1024K)]
  0x000002c04bd97250 JavaThread "Unconstrained build operations Thread 6"        [_thread_blocked, id=30780, stack(0x000000c0ca100000,0x000000c0ca200000) (1024K)]
  0x000002c04bd9c7a0 JavaThread "Unconstrained build operations Thread 7"        [_thread_blocked, id=25156, stack(0x000000c0ca200000,0x000000c0ca300000) (1024K)]
  0x000002c04bd9ad60 JavaThread "Unconstrained build operations Thread 8"        [_thread_blocked, id=24728, stack(0x000000c0ca300000,0x000000c0ca400000) (1024K)]
  0x000002c04bd9ce30 JavaThread "Unconstrained build operations Thread 9"        [_thread_blocked, id=12392, stack(0x000000c0ca400000,0x000000c0ca500000) (1024K)]
  0x000002c04bd9c110 JavaThread "Unconstrained build operations Thread 10"        [_thread_blocked, id=27236, stack(0x000000c0ca500000,0x000000c0ca600000) (1024K)]
  0x000002c04bd9d4c0 JavaThread "Unconstrained build operations Thread 11"        [_thread_blocked, id=27988, stack(0x000000c0ca600000,0x000000c0ca700000) (1024K)]
  0x000002c04bd9b3f0 JavaThread "Unconstrained build operations Thread 12"        [_thread_blocked, id=4076, stack(0x000000c0ca700000,0x000000c0ca800000) (1024K)]
  0x000002c04bd9ba80 JavaThread "Unconstrained build operations Thread 13"        [_thread_blocked, id=22356, stack(0x000000c0ca800000,0x000000c0ca900000) (1024K)]
  0x000002c04dc08240 JavaThread "Unconstrained build operations Thread 14"        [_thread_blocked, id=18464, stack(0x000000c0ca900000,0x000000c0caa00000) (1024K)]
  0x000002c04dc06e90 JavaThread "Unconstrained build operations Thread 15"        [_thread_blocked, id=20172, stack(0x000000c0caa00000,0x000000c0cab00000) (1024K)]
  0x000002c04dc088d0 JavaThread "Unconstrained build operations Thread 16"        [_thread_blocked, id=10324, stack(0x000000c0cab00000,0x000000c0cac00000) (1024K)]
  0x000002c04dc07520 JavaThread "Unconstrained build operations Thread 17"        [_thread_blocked, id=30464, stack(0x000000c0cac00000,0x000000c0cad00000) (1024K)]
  0x000002c04dc095f0 JavaThread "Unconstrained build operations Thread 18"        [_thread_blocked, id=13628, stack(0x000000c0cad00000,0x000000c0cae00000) (1024K)]
  0x000002c04dc08f60 JavaThread "Unconstrained build operations Thread 19"        [_thread_blocked, id=3308, stack(0x000000c0cae00000,0x000000c0caf00000) (1024K)]
  0x000002c04dc0b030 JavaThread "Unconstrained build operations Thread 20"        [_thread_blocked, id=17676, stack(0x000000c0caf00000,0x000000c0cb000000) (1024K)]
  0x000002c04dc0a9a0 JavaThread "Unconstrained build operations Thread 21"        [_thread_blocked, id=20444, stack(0x000000c0cb000000,0x000000c0cb100000) (1024K)]
  0x000002c04dc07bb0 JavaThread "Unconstrained build operations Thread 22"        [_thread_blocked, id=3280, stack(0x000000c0cb100000,0x000000c0cb200000) (1024K)]
  0x000002c04dc0b6c0 JavaThread "Unconstrained build operations Thread 23"        [_thread_blocked, id=29600, stack(0x000000c0cb200000,0x000000c0cb300000) (1024K)]
  0x000002c04dc0bd50 JavaThread "Unconstrained build operations Thread 24"        [_thread_blocked, id=4204, stack(0x000000c0cb300000,0x000000c0cb400000) (1024K)]
  0x000002c04dc0ca70 JavaThread "Unconstrained build operations Thread 25"        [_thread_blocked, id=23736, stack(0x000000c0cb400000,0x000000c0cb500000) (1024K)]
  0x000002c04dc09c80 JavaThread "Unconstrained build operations Thread 26"        [_thread_blocked, id=14944, stack(0x000000c0cb500000,0x000000c0cb600000) (1024K)]
  0x000002c04dc0de20 JavaThread "Unconstrained build operations Thread 27"        [_thread_blocked, id=32416, stack(0x000000c0cb900000,0x000000c0cba00000) (1024K)]
  0x000002c04dc0e4b0 JavaThread "Unconstrained build operations Thread 28"        [_thread_blocked, id=13772, stack(0x000000c0cba00000,0x000000c0cbb00000) (1024K)]
  0x000002c04e0e5400 JavaThread "Unconstrained build operations Thread 29"        [_thread_blocked, id=20320, stack(0x000000c0cbb00000,0x000000c0cbc00000) (1024K)]
  0x000002c04e0e39c0 JavaThread "Unconstrained build operations Thread 30"        [_thread_blocked, id=17224, stack(0x000000c0cbc00000,0x000000c0cbd00000) (1024K)]
  0x000002c04e0e5a90 JavaThread "Unconstrained build operations Thread 31"        [_thread_blocked, id=5372, stack(0x000000c0cbd00000,0x000000c0cbe00000) (1024K)]
  0x000002c04e0e74d0 JavaThread "Unconstrained build operations Thread 32"        [_thread_blocked, id=22980, stack(0x000000c0cbe00000,0x000000c0cbf00000) (1024K)]
  0x000002c04e0e4d70 JavaThread "Unconstrained build operations Thread 33"        [_thread_blocked, id=27512, stack(0x000000c0cbf00000,0x000000c0cc000000) (1024K)]
  0x000002c04e0e6120 JavaThread "Unconstrained build operations Thread 34"        [_thread_blocked, id=23964, stack(0x000000c0cc000000,0x000000c0cc100000) (1024K)]
  0x000002c04e0e46e0 JavaThread "Unconstrained build operations Thread 35"        [_thread_blocked, id=4780, stack(0x000000c0cc100000,0x000000c0cc200000) (1024K)]
  0x000002c04e0e6e40 JavaThread "Unconstrained build operations Thread 36"        [_thread_blocked, id=14736, stack(0x000000c0cc200000,0x000000c0cc300000) (1024K)]
  0x000002c04e0e67b0 JavaThread "Unconstrained build operations Thread 37"        [_thread_blocked, id=10408, stack(0x000000c0cc300000,0x000000c0cc400000) (1024K)]
  0x000002c04e0e4050 JavaThread "Unconstrained build operations Thread 38"        [_thread_blocked, id=2972, stack(0x000000c0cc600000,0x000000c0cc700000) (1024K)]
  0x000002c04e0e8880 JavaThread "Unconstrained build operations Thread 39"        [_thread_blocked, id=31440, stack(0x000000c0cc700000,0x000000c0cc800000) (1024K)]
  0x000002c04e0e8f10 JavaThread "Unconstrained build operations Thread 40"        [_thread_blocked, id=5428, stack(0x000000c0cc800000,0x000000c0cc900000) (1024K)]
  0x000002c04e0e9c30 JavaThread "Unconstrained build operations Thread 41"        [_thread_blocked, id=32124, stack(0x000000c0cc900000,0x000000c0cca00000) (1024K)]
  0x000002c04e0ea2c0 JavaThread "Unconstrained build operations Thread 42"        [_thread_blocked, id=31884, stack(0x000000c0cca00000,0x000000c0ccb00000) (1024K)]
  0x000002c04e0eafe0 JavaThread "Unconstrained build operations Thread 43"        [_thread_blocked, id=8696, stack(0x000000c0ccb00000,0x000000c0ccc00000) (1024K)]
  0x000002c04e0e81f0 JavaThread "Unconstrained build operations Thread 44"        [_thread_blocked, id=15960, stack(0x000000c0ccc00000,0x000000c0ccd00000) (1024K)]
  0x000002c04e0e95a0 JavaThread "Unconstrained build operations Thread 45"        [_thread_blocked, id=14708, stack(0x000000c0ccd00000,0x000000c0cce00000) (1024K)]
  0x000002c04e0ea950 JavaThread "Unconstrained build operations Thread 46"        [_thread_blocked, id=13948, stack(0x000000c0cce00000,0x000000c0ccf00000) (1024K)]
  0x000002c04e0e7b60 JavaThread "Unconstrained build operations Thread 47"        [_thread_blocked, id=30752, stack(0x000000c0ccf00000,0x000000c0cd000000) (1024K)]
  0x000002c04f26f130 JavaThread "Unconstrained build operations Thread 48"        [_thread_blocked, id=30188, stack(0x000000c0cd000000,0x000000c0cd100000) (1024K)]
  0x000002c04f26f7c0 JavaThread "Unconstrained build operations Thread 49"        [_thread_blocked, id=28876, stack(0x000000c0cb600000,0x000000c0cb700000) (1024K)]
  0x000002c04f26d6f0 JavaThread "Unconstrained build operations Thread 50"        [_thread_blocked, id=11076, stack(0x000000c0cb700000,0x000000c0cb800000) (1024K)]
  0x000002c04f26eaa0 JavaThread "Unconstrained build operations Thread 51"        [_thread_blocked, id=14376, stack(0x000000c0cd100000,0x000000c0cd200000) (1024K)]
  0x000002c04f26d060 JavaThread "Unconstrained build operations Thread 52"        [_thread_blocked, id=19500, stack(0x000000c0cd200000,0x000000c0cd300000) (1024K)]
  0x000002c04f2704e0 JavaThread "Unconstrained build operations Thread 53"        [_thread_blocked, id=18824, stack(0x000000c0cd300000,0x000000c0cd400000) (1024K)]
  0x000002c04f26fe50 JavaThread "Unconstrained build operations Thread 54"        [_thread_blocked, id=19004, stack(0x000000c0cd400000,0x000000c0cd500000) (1024K)]
  0x000002c04f270b70 JavaThread "Unconstrained build operations Thread 55"        [_thread_blocked, id=23776, stack(0x000000c0cd500000,0x000000c0cd600000) (1024K)]
  0x000002c04f271200 JavaThread "Unconstrained build operations Thread 56"        [_thread_blocked, id=16840, stack(0x000000c0cd600000,0x000000c0cd700000) (1024K)]
  0x000002c04f26dd80 JavaThread "Unconstrained build operations Thread 57"        [_thread_blocked, id=13964, stack(0x000000c0cd700000,0x000000c0cd800000) (1024K)]
  0x000002c04f271890 JavaThread "Unconstrained build operations Thread 58"        [_thread_blocked, id=25848, stack(0x000000c0cd800000,0x000000c0cd900000) (1024K)]
  0x000002c04f26e410 JavaThread "Unconstrained build operations Thread 59"        [_thread_blocked, id=17780, stack(0x000000c0cd900000,0x000000c0cda00000) (1024K)]
  0x000002c04f273ff0 JavaThread "Memory manager"                    [_thread_blocked, id=24464, stack(0x000000c0cc400000,0x000000c0cc500000) (1024K)]
  0x000002c04a879120 JavaThread "pool-3-thread-1"                   [_thread_blocked, id=17796, stack(0x000000c0c8200000,0x000000c0c8300000) (1024K)]
  0x000002c04f3dcd30 JavaThread "included builds"                   [_thread_blocked, id=14500, stack(0x000000c0cc500000,0x000000c0cc600000) (1024K)]
  0x000002c04f3dd3c0 JavaThread "Execution worker"                  [_thread_blocked, id=31540, stack(0x000000c0cda00000,0x000000c0cdb00000) (1024K)]
  0x000002c04f3dfb20 JavaThread "Execution worker Thread 2"         [_thread_blocked, id=17204, stack(0x000000c0cdb00000,0x000000c0cdc00000) (1024K)]
  0x000002c04f3de770 JavaThread "Execution worker Thread 3"         [_thread_blocked, id=20472, stack(0x000000c0cdc00000,0x000000c0cdd00000) (1024K)]
  0x000002c04f3e01b0 JavaThread "Execution worker Thread 4"         [_thread_blocked, id=15940, stack(0x000000c0cdd00000,0x000000c0cde00000) (1024K)]
  0x000002c04f3dda50 JavaThread "Execution worker Thread 5"         [_thread_blocked, id=20868, stack(0x000000c0cde00000,0x000000c0cdf00000) (1024K)]
  0x000002c04f3de0e0 JavaThread "Execution worker Thread 6"         [_thread_blocked, id=10128, stack(0x000000c0cdf00000,0x000000c0ce000000) (1024K)]
  0x000002c04f3dee00 JavaThread "Execution worker Thread 7"         [_thread_blocked, id=22384, stack(0x000000c0ce000000,0x000000c0ce100000) (1024K)]
  0x000002c04f3df490 JavaThread "Execution worker Thread 8"         [_thread_blocked, id=11208, stack(0x000000c0ce100000,0x000000c0ce200000) (1024K)]
  0x000002c04f24aaf0 JavaThread "Execution worker Thread 9"         [_thread_blocked, id=21424, stack(0x000000c0ce200000,0x000000c0ce300000) (1024K)]
  0x000002c04f24b180 JavaThread "Execution worker Thread 10"        [_thread_blocked, id=19372, stack(0x000000c0ce300000,0x000000c0ce400000) (1024K)]
  0x000002c04f249dd0 JavaThread "Execution worker Thread 11"        [_thread_blocked, id=13588, stack(0x000000c0ce400000,0x000000c0ce500000) (1024K)]
  0x000002c04f24a460 JavaThread "Cache worker for execution history cache (C:\Users\Apoorv Rathore\Ludo\.gradle\8.11.1\executionHistory)"        [_thread_blocked, id=19840, stack(0x000000c0ce500000,0x000000c0ce600000) (1024K)]
  0x000002c04f24b810 JavaThread "idea-tooling-model-converter"        [_thread_blocked, id=27900, stack(0x000000c0ce600000,0x000000c0ce700000) (1024K)]
  0x000002c04f2490b0 JavaThread "Unconstrained build operations Thread 60"        [_thread_blocked, id=26092, stack(0x000000c0ce700000,0x000000c0ce800000) (1024K)]
  0x000002c04f24bea0 JavaThread "File lock release action executor Thread 2"        [_thread_blocked, id=18556, stack(0x000000c0ce800000,0x000000c0ce900000) (1024K)]
Total: 121

Other Threads:
  0x000002c07f88f980 VMThread "VM Thread"                           [id=23136, stack(0x000000c0c6700000,0x000000c0c6800000) (1024K)]
  0x000002c06243eab0 WatcherThread "VM Periodic Task Thread"        [id=17064, stack(0x000000c0c6600000,0x000000c0c6700000) (1024K)]
  0x000002c0623e68d0 WorkerThread "GC Thread#0"                     [id=27384, stack(0x000000c0c6100000,0x000000c0c6200000) (1024K)]
  0x000002c004c08850 WorkerThread "GC Thread#1"                     [id=32156, stack(0x000000c0c7200000,0x000000c0c7300000) (1024K)]
  0x000002c04a03bab0 WorkerThread "GC Thread#2"                     [id=31844, stack(0x000000c0c7300000,0x000000c0c7400000) (1024K)]
  0x000002c04a03be50 WorkerThread "GC Thread#3"                     [id=19792, stack(0x000000c0c7400000,0x000000c0c7500000) (1024K)]
  0x000002c04a941c80 WorkerThread "GC Thread#4"                     [id=10232, stack(0x000000c0c7500000,0x000000c0c7600000) (1024K)]
  0x000002c04ca16c20 WorkerThread "GC Thread#5"                     [id=416, stack(0x000000c0c8400000,0x000000c0c8500000) (1024K)]
  0x000002c04c34d0b0 WorkerThread "GC Thread#6"                     [id=16740, stack(0x000000c0c8500000,0x000000c0c8600000) (1024K)]
  0x000002c04c34d450 WorkerThread "GC Thread#7"                     [id=9912, stack(0x000000c0c8600000,0x000000c0c8700000) (1024K)]
  0x000002c04c34d7f0 WorkerThread "GC Thread#8"                     [id=25480, stack(0x000000c0c8700000,0x000000c0c8800000) (1024K)]
  0x000002c04c34e2d0 WorkerThread "GC Thread#9"                     [id=2748, stack(0x000000c0c8800000,0x000000c0c8900000) (1024K)]
  0x000002c0623f0660 ConcurrentGCThread "G1 Main Marker"            [id=16712, stack(0x000000c0c6200000,0x000000c0c6300000) (1024K)]
  0x000002c0623f0f10 WorkerThread "G1 Conc#0"                       [id=17968, stack(0x000000c0c6300000,0x000000c0c6400000) (1024K)]
  0x000002c04c34df30 WorkerThread "G1 Conc#1"                       [id=25980, stack(0x000000c0c8a00000,0x000000c0c8b00000) (1024K)]
  0x000002c04bd60710 WorkerThread "G1 Conc#2"                       [id=3004, stack(0x000000c0c8b00000,0x000000c0c8c00000) (1024K)]
  0x000002c062433a50 ConcurrentGCThread "G1 Refine#0"               [id=3372, stack(0x000000c0c6400000,0x000000c0c6500000) (1024K)]
  0x000002c062433f80 ConcurrentGCThread "G1 Service"                [id=23692, stack(0x000000c0c6500000,0x000000c0c6600000) (1024K)]
Total: 18

Threads with active compile tasks:
C2 CompilerThread0   465198 12369       4       com.google.common.cache.LocalCache$Segment::loadSync (19 bytes)
Total: 1

VM state: not at safepoint (normal execution)

VM Mutex/Monitor currently owned by a thread: None

Heap address: 0x00000006e0000000, size: 4608 MB, Compressed Oops mode: Zero based, Oop shift amount: 3

CDS archive(s) mapped at: [0x000002c005000000-0x000002c005c90000-0x000002c005c90000), size 13172736, SharedBaseAddress: 0x000002c005000000, ArchiveRelocationMode: 1.
Compressed class space mapped at: 0x000002c006000000-0x000002c046000000, reserved size: 1073741824
Narrow klass base: 0x000002c005000000, Narrow klass shift: 0, Narrow klass range: 0x100000000

GC Precious Log:
 CardTable entry size: 512
 Card Set container configuration: InlinePtr #cards 4 size 8 Array Of Cards #cards 32 size 80 Howl #buckets 8 coarsen threshold 7372 Howl Bitmap #cards 1024 size 144 coarsen threshold 921 Card regions per heap region 1 cards per card region 8192
 CPUs: 12 total, 12 available
 Memory: 7563M
 Large Page Support: Disabled
 NUMA Support: Disabled
 Compressed Oops: Enabled (Zero based)
 Heap Region Size: 4M
 Heap Min Capacity: 8M
 Heap Initial Capacity: 120M
 Heap Max Capacity: 4608M
 Pre-touch: Disabled
 Parallel Workers: 10
 Concurrent Workers: 3
 Concurrent Refinement Workers: 10
 Periodic GC: Disabled

Heap:
 garbage-first heap   total 233472K, used 177785K [0x00000006e0000000, 0x0000000800000000)
  region size 4096K, 20 young (81920K), 2 survivors (8192K)
 Metaspace       used 99982K, committed 102336K, reserved 1179648K
  class space    used 13613K, committed 14784K, reserved 1048576K

Heap Regions: E=young(eden), S=young(survivor), O=old, HS=humongous(starts), HC=humongous(continues), CS=collection set, F=free, TAMS=top-at-mark-start, PB=parsable bottom
|   0|0x00000006e0000000, 0x00000006e0400000, 0x00000006e0400000|100%|HS|  |TAMS 0x00000006e0000000| PB 0x00000006e0000000| Complete 
|   1|0x00000006e0400000, 0x00000006e0800000, 0x00000006e0800000|100%| O|  |TAMS 0x00000006e0400000| PB 0x00000006e0400000| Untracked 
|   2|0x00000006e0800000, 0x00000006e0c00000, 0x00000006e0c00000|100%| O|  |TAMS 0x00000006e0800000| PB 0x00000006e0800000| Untracked 
|   3|0x00000006e0c00000, 0x00000006e0fd69e0, 0x00000006e1000000| 95%| O|  |TAMS 0x00000006e0c00000| PB 0x00000006e0c00000| Untracked 
|   4|0x00000006e1000000, 0x00000006e1400000, 0x00000006e1400000|100%|HS|  |TAMS 0x00000006e1000000| PB 0x00000006e1000000| Complete 
|   5|0x00000006e1400000, 0x00000006e1800000, 0x00000006e1800000|100%|HC|  |TAMS 0x00000006e1400000| PB 0x00000006e1400000| Complete 
|   6|0x00000006e1800000, 0x00000006e1c00000, 0x00000006e1c00000|100%|HS|  |TAMS 0x00000006e1800000| PB 0x00000006e1800000| Complete 
|   7|0x00000006e1c00000, 0x00000006e2000000, 0x00000006e2000000|100%|HC|  |TAMS 0x00000006e1c00000| PB 0x00000006e1c00000| Complete 
|   8|0x00000006e2000000, 0x00000006e2400000, 0x00000006e2400000|100%| O|  |TAMS 0x00000006e2000000| PB 0x00000006e2000000| Untracked 
|   9|0x00000006e2400000, 0x00000006e2800000, 0x00000006e2800000|100%| O|  |TAMS 0x00000006e2400000| PB 0x00000006e2400000| Untracked 
|  10|0x00000006e2800000, 0x00000006e2c00000, 0x00000006e2c00000|100%| O|  |TAMS 0x00000006e2800000| PB 0x00000006e2800000| Untracked 
|  11|0x00000006e2c00000, 0x00000006e3000000, 0x00000006e3000000|100%| O|  |TAMS 0x00000006e2c00000| PB 0x00000006e2c00000| Untracked 
|  12|0x00000006e3000000, 0x00000006e3400000, 0x00000006e3400000|100%| O|  |TAMS 0x00000006e3000000| PB 0x00000006e3000000| Untracked 
|  13|0x00000006e3400000, 0x00000006e3800000, 0x00000006e3800000|100%| O|  |TAMS 0x00000006e3400000| PB 0x00000006e3400000| Untracked 
|  14|0x00000006e3800000, 0x00000006e3c00000, 0x00000006e3c00000|100%| O|  |TAMS 0x00000006e3800000| PB 0x00000006e3800000| Untracked 
|  15|0x00000006e3c00000, 0x00000006e4000000, 0x00000006e4000000|100%| O|  |TAMS 0x00000006e3c00000| PB 0x00000006e3c00000| Untracked 
|  16|0x00000006e4000000, 0x00000006e4400000, 0x00000006e4400000|100%| O|  |TAMS 0x00000006e4000000| PB 0x00000006e4000000| Untracked 
|  17|0x00000006e4400000, 0x00000006e4800000, 0x00000006e4800000|100%| O|  |TAMS 0x00000006e4400000| PB 0x00000006e4400000| Untracked 
|  18|0x00000006e4800000, 0x00000006e4c00000, 0x00000006e4c00000|100%| O|  |TAMS 0x00000006e4800000| PB 0x00000006e4800000| Untracked 
|  19|0x00000006e4c00000, 0x00000006e5000000, 0x00000006e5000000|100%| O|  |TAMS 0x00000006e4c00000| PB 0x00000006e4c00000| Untracked 
|  20|0x00000006e5000000, 0x00000006e5400000, 0x00000006e5400000|100%| O|  |TAMS 0x00000006e5000000| PB 0x00000006e5000000| Untracked 
|  21|0x00000006e5400000, 0x00000006e5800000, 0x00000006e5800000|100%| O|  |TAMS 0x00000006e5400000| PB 0x00000006e5400000| Untracked 
|  22|0x00000006e5800000, 0x00000006e5c00000, 0x00000006e5c00000|100%| O|  |TAMS 0x00000006e5800000| PB 0x00000006e5800000| Untracked 
|  23|0x00000006e5c00000, 0x00000006e5e116b0, 0x00000006e6000000| 51%| O|  |TAMS 0x00000006e5c00000| PB 0x00000006e5c00000| Untracked 
|  24|0x00000006e6000000, 0x00000006e6000000, 0x00000006e6400000|  0%| F|  |TAMS 0x00000006e6000000| PB 0x00000006e6000000| Untracked 
|  25|0x00000006e6400000, 0x00000006e6400000, 0x00000006e6800000|  0%| F|  |TAMS 0x00000006e6400000| PB 0x00000006e6400000| Untracked 
|  26|0x00000006e6800000, 0x00000006e6800000, 0x00000006e6c00000|  0%| F|  |TAMS 0x00000006e6800000| PB 0x00000006e6800000| Untracked 
|  27|0x00000006e6c00000, 0x00000006e6c00000, 0x00000006e7000000|  0%| F|  |TAMS 0x00000006e6c00000| PB 0x00000006e6c00000| Untracked 
|  28|0x00000006e7000000, 0x00000006e7000000, 0x00000006e7400000|  0%| F|  |TAMS 0x00000006e7000000| PB 0x00000006e7000000| Untracked 
|  29|0x00000006e7400000, 0x00000006e77b6390, 0x00000006e7800000| 92%| S|CS|TAMS 0x00000006e7400000| PB 0x00000006e7400000| Complete 
|  30|0x00000006e7800000, 0x00000006e7c00000, 0x00000006e7c00000|100%| S|CS|TAMS 0x00000006e7800000| PB 0x00000006e7800000| Complete 
|  31|0x00000006e7c00000, 0x00000006e7c00000, 0x00000006e8000000|  0%| F|  |TAMS 0x00000006e7c00000| PB 0x00000006e7c00000| Untracked 
|  32|0x00000006e8000000, 0x00000006e8000000, 0x00000006e8400000|  0%| F|  |TAMS 0x00000006e8000000| PB 0x00000006e8000000| Untracked 
|  33|0x00000006e8400000, 0x00000006e8400000, 0x00000006e8800000|  0%| F|  |TAMS 0x00000006e8400000| PB 0x00000006e8400000| Untracked 
|  34|0x00000006e8800000, 0x00000006e8800000, 0x00000006e8c00000|  0%| F|  |TAMS 0x00000006e8800000| PB 0x00000006e8800000| Untracked 
|  35|0x00000006e8c00000, 0x00000006e8c00000, 0x00000006e9000000|  0%| F|  |TAMS 0x00000006e8c00000| PB 0x00000006e8c00000| Untracked 
|  36|0x00000006e9000000, 0x00000006e9000000, 0x00000006e9400000|  0%| F|  |TAMS 0x00000006e9000000| PB 0x00000006e9000000| Untracked 
|  37|0x00000006e9400000, 0x00000006e9400000, 0x00000006e9800000|  0%| F|  |TAMS 0x00000006e9400000| PB 0x00000006e9400000| Untracked 
|  38|0x00000006e9800000, 0x00000006e9802a40, 0x00000006e9c00000|  0%| E|  |TAMS 0x00000006e9800000| PB 0x00000006e9800000| Complete 
|  39|0x00000006e9c00000, 0x00000006ea000000, 0x00000006ea000000|100%| E|CS|TAMS 0x00000006e9c00000| PB 0x00000006e9c00000| Complete 
|  40|0x00000006ea000000, 0x00000006ea400000, 0x00000006ea400000|100%| E|CS|TAMS 0x00000006ea000000| PB 0x00000006ea000000| Complete 
|  41|0x00000006ea400000, 0x00000006ea800000, 0x00000006ea800000|100%| E|CS|TAMS 0x00000006ea400000| PB 0x00000006ea400000| Complete 
|  42|0x00000006ea800000, 0x00000006eac00000, 0x00000006eac00000|100%| E|CS|TAMS 0x00000006ea800000| PB 0x00000006ea800000| Complete 
|  43|0x00000006eac00000, 0x00000006eb000000, 0x00000006eb000000|100%| E|CS|TAMS 0x00000006eac00000| PB 0x00000006eac00000| Complete 
|  44|0x00000006eb000000, 0x00000006eb400000, 0x00000006eb400000|100%| E|CS|TAMS 0x00000006eb000000| PB 0x00000006eb000000| Complete 
|  45|0x00000006eb400000, 0x00000006eb800000, 0x00000006eb800000|100%| E|CS|TAMS 0x00000006eb400000| PB 0x00000006eb400000| Complete 
|  46|0x00000006eb800000, 0x00000006ebc00000, 0x00000006ebc00000|100%| E|CS|TAMS 0x00000006eb800000| PB 0x00000006eb800000| Complete 
|  47|0x00000006ebc00000, 0x00000006ec000000, 0x00000006ec000000|100%| E|CS|TAMS 0x00000006ebc00000| PB 0x00000006ebc00000| Complete 
|  48|0x00000006ec000000, 0x00000006ec400000, 0x00000006ec400000|100%| E|CS|TAMS 0x00000006ec000000| PB 0x00000006ec000000| Complete 
|  49|0x00000006ec400000, 0x00000006ec800000, 0x00000006ec800000|100%| E|CS|TAMS 0x00000006ec400000| PB 0x00000006ec400000| Complete 
|  50|0x00000006ec800000, 0x00000006ecc00000, 0x00000006ecc00000|100%| E|CS|TAMS 0x00000006ec800000| PB 0x00000006ec800000| Complete 
|  51|0x00000006ecc00000, 0x00000006ed000000, 0x00000006ed000000|100%| E|CS|TAMS 0x00000006ecc00000| PB 0x00000006ecc00000| Complete 
|  52|0x00000006ed000000, 0x00000006ed400000, 0x00000006ed400000|100%| E|CS|TAMS 0x00000006ed000000| PB 0x00000006ed000000| Complete 
|  53|0x00000006ed400000, 0x00000006ed800000, 0x00000006ed800000|100%| E|CS|TAMS 0x00000006ed400000| PB 0x00000006ed400000| Complete 
|  54|0x00000006ed800000, 0x00000006edc00000, 0x00000006edc00000|100%| E|CS|TAMS 0x00000006ed800000| PB 0x00000006ed800000| Complete 
|1150|0x00000007ff800000, 0x00000007ffc00000, 0x00000007ffc00000|100%| E|CS|TAMS 0x00000007ff800000| PB 0x00000007ff800000| Complete 
|1151|0x00000007ffc00000, 0x0000000800000000, 0x0000000800000000|100%| O|  |TAMS 0x00000007ffc00000| PB 0x00000007ffc00000| Untracked 

Card table byte_map: [0x000002c07c340000,0x000002c07cc40000] _byte_map_base: 0x000002c078c40000

Marking Bits: (CMBitMap*) 0x000002c0623e6d80
 Bits: [0x000002c000000000, 0x000002c004800000)

Polling page: 0x000002c062440000

Metaspace:

Usage:
  Non-class:     84.34 MB used.
      Class:     13.29 MB used.
       Both:     97.64 MB used.

Virtual space:
  Non-class space:      128.00 MB reserved,      85.50 MB ( 67%) committed,  2 nodes.
      Class space:        1.00 GB reserved,      14.44 MB (  1%) committed,  1 nodes.
             Both:        1.12 GB reserved,      99.94 MB (  9%) committed. 

Chunk freelists:
   Non-Class:  10.44 MB
       Class:  1.53 MB
        Both:  11.97 MB

MaxMetaspaceSize: unlimited
CompressedClassSpaceSize: 1.00 GB
Initial GC threshold: 21.00 MB
Current GC threshold: 115.94 MB
CDS: on
 - commit_granule_bytes: 65536.
 - commit_granule_words: 8192.
 - virtual_space_node_default_size: 8388608.
 - enlarge_chunks_in_place: 1.
 - use_allocation_guard: 0.


Internal statistics:

num_allocs_failed_limit: 6.
num_arena_births: 4168.
num_arena_deaths: 0.
num_vsnodes_births: 3.
num_vsnodes_deaths: 0.
num_space_committed: 1598.
num_space_uncommitted: 0.
num_chunks_returned_to_freelist: 6.
num_chunks_taken_from_freelist: 8687.
num_chunk_merges: 6.
num_chunk_splits: 5686.
num_chunks_enlarged: 3575.
num_inconsistent_stats: 0.

CodeHeap 'non-profiled nmethods': size=120000Kb used=6373Kb max_used=6373Kb free=113627Kb
 bounds [0x000002c073880000, 0x000002c073ec0000, 0x000002c07adb0000]
CodeHeap 'profiled nmethods': size=120000Kb used=20175Kb max_used=20175Kb free=99825Kb
 bounds [0x000002c06bdb0000, 0x000002c06d170000, 0x000002c0732e0000]
CodeHeap 'non-nmethods': size=5760Kb used=2945Kb max_used=2994Kb free=2814Kb
 bounds [0x000002c0732e0000, 0x000002c0735e0000, 0x000002c073880000]
 total_blobs=11684 nmethods=10660 adapters=928
 compilation: enabled
              stopped_count=0, restarted_count=0
 full_count=0

Compilation events (20 events):
Event: 433.541 Thread 0x000002c07f8bf3c0 nmethod 12359 0x000002c073eb2110 code [0x000002c073eb22a0, 0x000002c073eb2340]
Event: 433.541 Thread 0x000002c07f8bf3c0 12360       4       sun.nio.ch.Util::offerFirstTemporaryDirectBuffer (53 bytes)
Event: 433.638 Thread 0x000002c07f8bf3c0 nmethod 12360 0x000002c073eb2410 code [0x000002c073eb25e0, 0x000002c073eb29a0]
Event: 434.942 Thread 0x000002c07f8bf3c0 12361       4       java.util.Collections$EmptyList::spliterator (4 bytes)
Event: 434.943 Thread 0x000002c07f8bf3c0 nmethod 12361 0x000002c073eb2d10 code [0x000002c073eb2ea0, 0x000002c073eb2f30]
Event: 435.099 Thread 0x000002c07f8bf3c0 12362   !   4       com.google.common.cache.LocalCache$Segment::clear (261 bytes)
Event: 435.571 Thread 0x000002c07f8bf3c0 nmethod 12362 0x000002c073eb3010 code [0x000002c073eb3420, 0x000002c073eb4d78]
Event: 436.983 Thread 0x000002c07f8bf3c0 12363       4       org.gradle.internal.snapshot.DirectorySnapshot$$Lambda/0x000002c006586278::apply (8 bytes)
Event: 437.119 Thread 0x000002c07f8bf3c0 nmethod 12363 0x000002c073eb6410 code [0x000002c073eb65c0, 0x000002c073eb68e0]
Event: 438.591 Thread 0x000002c07f8bf3c0 12364       4       org.gradle.internal.serialize.InputStreamBackedDecoder::readLong (8 bytes)
Event: 438.593 Thread 0x000002c07f8bf3c0 nmethod 12364 0x000002c073eb6a10 code [0x000002c073eb6bc0, 0x000002c073eb6d08]
Event: 441.684 Thread 0x000002c07f8bf3c0 12365       4       org.gradle.internal.hash.Hashing$MessageDigestHasher::<init> (25 bytes)
Event: 441.724 Thread 0x000002c07f8bf3c0 nmethod 12365 0x000002c073eb6f10 code [0x000002c073eb70c0, 0x000002c073eb74e8]
Event: 441.928 Thread 0x000002c07f8bf3c0 12366       4       java.util.HashMap$ValueSpliterator::forEachRemaining (186 bytes)
Event: 442.118 Thread 0x000002c07f8bf3c0 nmethod 12366 0x000002c073eb7690 code [0x000002c073eb78a0, 0x000002c073eb82a0]
Event: 442.993 Thread 0x000002c07f8bf3c0 12367       4       com.google.common.cache.LocalCache$LoadingValueReference::<init> (34 bytes)
Event: 443.352 Thread 0x000002c07f8bf3c0 nmethod 12367 0x000002c073eb8990 code [0x000002c073eb8b40, 0x000002c073eb8f90]
Event: 443.353 Thread 0x000002c07f8d77c0 12368       1       org.gradle.process.internal.health.memory.DefaultAvailableOsMemoryStatusAspect::getTotal (5 bytes)
Event: 443.353 Thread 0x000002c07f8d77c0 nmethod 12368 0x000002c073eb9110 code [0x000002c073eb92a0, 0x000002c073eb9368]
Event: 444.119 Thread 0x000002c07f8bf3c0 12369       4       com.google.common.cache.LocalCache$Segment::loadSync (19 bytes)

GC Heap History (20 events):
Event: 249.136 GC heap before
{Heap before GC invocations=26 (full 0):
 garbage-first heap   total 151552K, used 116212K [0x00000006e0000000, 0x0000000800000000)
  region size 4096K, 11 young (45056K), 2 survivors (8192K)
 Metaspace       used 69010K, committed 70912K, reserved 1114112K
  class space    used 9561K, committed 10496K, reserved 1048576K
}
Event: 250.846 GC heap after
{Heap after GC invocations=27 (full 0):
 garbage-first heap   total 151552K, used 85801K [0x00000006e0000000, 0x0000000800000000)
  region size 4096K, 2 young (8192K), 2 survivors (8192K)
 Metaspace       used 69010K, committed 70912K, reserved 1114112K
  class space    used 9561K, committed 10496K, reserved 1048576K
}
Event: 253.821 GC heap before
{Heap before GC invocations=27 (full 0):
 garbage-first heap   total 151552K, used 89897K [0x00000006e0000000, 0x0000000800000000)
  region size 4096K, 3 young (12288K), 2 survivors (8192K)
 Metaspace       used 69255K, committed 71168K, reserved 1114112K
  class space    used 9599K, committed 10560K, reserved 1048576K
}
Event: 253.847 GC heap after
{Heap after GC invocations=28 (full 0):
 garbage-first heap   total 188416K, used 86254K [0x00000006e0000000, 0x0000000800000000)
  region size 4096K, 1 young (4096K), 1 survivors (4096K)
 Metaspace       used 69255K, committed 71168K, reserved 1114112K
  class space    used 9599K, committed 10560K, reserved 1048576K
}
Event: 254.426 GC heap before
{Heap before GC invocations=29 (full 0):
 garbage-first heap   total 188416K, used 86254K [0x00000006e0000000, 0x0000000800000000)
  region size 4096K, 2 young (8192K), 1 survivors (4096K)
 Metaspace       used 69339K, committed 71296K, reserved 1114112K
  class space    used 9613K, committed 10560K, reserved 1048576K
}
Event: 254.440 GC heap after
{Heap after GC invocations=30 (full 0):
 garbage-first heap   total 188416K, used 87379K [0x00000006e0000000, 0x0000000800000000)
  region size 4096K, 1 young (4096K), 1 survivors (4096K)
 Metaspace       used 69339K, committed 71296K, reserved 1114112K
  class space    used 9613K, committed 10560K, reserved 1048576K
}
Event: 256.624 GC heap before
{Heap before GC invocations=30 (full 0):
 garbage-first heap   total 188416K, used 91475K [0x00000006e0000000, 0x0000000800000000)
  region size 4096K, 2 young (8192K), 1 survivors (4096K)
 Metaspace       used 69352K, committed 71296K, reserved 1114112K
  class space    used 9613K, committed 10560K, reserved 1048576K
}
Event: 256.643 GC heap after
{Heap after GC invocations=31 (full 0):
 garbage-first heap   total 188416K, used 88516K [0x00000006e0000000, 0x0000000800000000)
  region size 4096K, 1 young (4096K), 1 survivors (4096K)
 Metaspace       used 69352K, committed 71296K, reserved 1114112K
  class space    used 9613K, committed 10560K, reserved 1048576K
}
Event: 258.104 GC heap before
{Heap before GC invocations=31 (full 0):
 garbage-first heap   total 188416K, used 92612K [0x00000006e0000000, 0x0000000800000000)
  region size 4096K, 3 young (12288K), 1 survivors (4096K)
 Metaspace       used 69911K, committed 71872K, reserved 1114112K
  class space    used 9665K, committed 10624K, reserved 1048576K
}
Event: 258.125 GC heap after
{Heap after GC invocations=32 (full 0):
 garbage-first heap   total 188416K, used 89331K [0x00000006e0000000, 0x0000000800000000)
  region size 4096K, 1 young (4096K), 1 survivors (4096K)
 Metaspace       used 69911K, committed 71872K, reserved 1114112K
  class space    used 9665K, committed 10624K, reserved 1048576K
}
Event: 261.824 GC heap before
{Heap before GC invocations=32 (full 0):
 garbage-first heap   total 188416K, used 118003K [0x00000006e0000000, 0x0000000800000000)
  region size 4096K, 9 young (36864K), 1 survivors (4096K)
 Metaspace       used 72450K, committed 74432K, reserved 1114112K
  class space    used 9971K, committed 10944K, reserved 1048576K
}
Event: 261.915 GC heap after
{Heap after GC invocations=33 (full 0):
 garbage-first heap   total 188416K, used 91146K [0x00000006e0000000, 0x0000000800000000)
  region size 4096K, 1 young (4096K), 1 survivors (4096K)
 Metaspace       used 72450K, committed 74432K, reserved 1114112K
  class space    used 9971K, committed 10944K, reserved 1048576K
}
Event: 283.776 GC heap before
{Heap before GC invocations=33 (full 0):
 garbage-first heap   total 188416K, used 144394K [0x00000006e0000000, 0x0000000800000000)
  region size 4096K, 14 young (57344K), 1 survivors (4096K)
 Metaspace       used 77869K, committed 80000K, reserved 1179648K
  class space    used 10622K, committed 11648K, reserved 1048576K
}
Event: 283.787 GC heap after
{Heap after GC invocations=34 (full 0):
 garbage-first heap   total 233472K, used 92526K [0x00000006e0000000, 0x0000000800000000)
  region size 4096K, 2 young (8192K), 2 survivors (8192K)
 Metaspace       used 77869K, committed 80000K, reserved 1179648K
  class space    used 10622K, committed 11648K, reserved 1048576K
}
Event: 292.357 GC heap before
{Heap before GC invocations=34 (full 0):
 garbage-first heap   total 233472K, used 174446K [0x00000006e0000000, 0x0000000800000000)
  region size 4096K, 22 young (90112K), 2 survivors (8192K)
 Metaspace       used 82584K, committed 84736K, reserved 1179648K
  class space    used 11231K, committed 12288K, reserved 1048576K
}
Event: 292.379 GC heap after
{Heap after GC invocations=35 (full 0):
 garbage-first heap   total 233472K, used 100027K [0x00000006e0000000, 0x0000000800000000)
  region size 4096K, 3 young (12288K), 3 survivors (12288K)
 Metaspace       used 82584K, committed 84736K, reserved 1179648K
  class space    used 11231K, committed 12288K, reserved 1048576K
}
Event: 330.878 GC heap before
{Heap before GC invocations=35 (full 0):
 garbage-first heap   total 233472K, used 169659K [0x00000006e0000000, 0x0000000800000000)
  region size 4096K, 20 young (81920K), 3 survivors (12288K)
 Metaspace       used 86634K, committed 88768K, reserved 1179648K
  class space    used 11793K, committed 12864K, reserved 1048576K
}
Event: 330.950 GC heap after
{Heap after GC invocations=36 (full 0):
 garbage-first heap   total 233472K, used 103445K [0x00000006e0000000, 0x0000000800000000)
  region size 4096K, 1 young (4096K), 1 survivors (4096K)
 Metaspace       used 86634K, committed 88768K, reserved 1179648K
  class space    used 11793K, committed 12864K, reserved 1048576K
}
Event: 388.351 GC heap before
{Heap before GC invocations=36 (full 0):
 garbage-first heap   total 233472K, used 197653K [0x00000006e0000000, 0x0000000800000000)
  region size 4096K, 25 young (102400K), 1 survivors (4096K)
 Metaspace       used 93856K, committed 96064K, reserved 1179648K
  class space    used 12868K, committed 13952K, reserved 1048576K
}
Event: 388.436 GC heap after
{Heap after GC invocations=37 (full 0):
 garbage-first heap   total 233472K, used 108153K [0x00000006e0000000, 0x0000000800000000)
  region size 4096K, 2 young (8192K), 2 survivors (8192K)
 Metaspace       used 93856K, committed 96064K, reserved 1179648K
  class space    used 12868K, committed 13952K, reserved 1048576K
}

Dll operation events (15 events):
Event: 0.154 Loaded shared library C:\Program Files\Java\jdk-21\bin\java.dll
Event: 0.417 Loaded shared library C:\Program Files\Java\jdk-21\bin\jsvml.dll
Event: 1.363 Loaded shared library C:\Program Files\Java\jdk-21\bin\zip.dll
Event: 1.377 Loaded shared library C:\Program Files\Java\jdk-21\bin\instrument.dll
Event: 1.405 Loaded shared library C:\Program Files\Java\jdk-21\bin\net.dll
Event: 1.423 Loaded shared library C:\Program Files\Java\jdk-21\bin\nio.dll
Event: 1.436 Loaded shared library C:\Program Files\Java\jdk-21\bin\zip.dll
Event: 4.687 Loaded shared library C:\Program Files\Java\jdk-21\bin\jimage.dll
Event: 6.014 Loaded shared library C:\Program Files\Java\jdk-21\bin\verify.dll
Event: 7.930 Loaded shared library C:\Users\Apoorv Rathore\.gradle\native\c067742578af261105cb4f569cf0c3c89f3d7b1fecec35dd04571415982c5e48\windows-amd64\native-platform.dll
Event: 9.796 Loaded shared library C:\Users\Apoorv Rathore\.gradle\native\100fb08df4bc3b14c8652ba06237920a3bd2aa13389f12d3474272988ae205f9\windows-amd64\native-platform-file-events.dll
Event: 24.738 Loaded shared library C:\Program Files\Java\jdk-21\bin\management.dll
Event: 24.757 Loaded shared library C:\Program Files\Java\jdk-21\bin\management_ext.dll
Event: 27.023 Loaded shared library C:\Program Files\Java\jdk-21\bin\extnet.dll
Event: 28.884 Loaded shared library C:\Program Files\Java\jdk-21\bin\sunmscapi.dll

Deoptimization events (20 events):
Event: 411.530 Thread 0x000002c04a759530 DEOPT PACKING pc=0x000002c073999530 sp=0x000000c0c7cfacc0
Event: 411.530 Thread 0x000002c04a759530 DEOPT UNPACKING pc=0x000002c0733346a2 sp=0x000000c0c7cfac50 mode 2
Event: 411.583 Thread 0x000002c04a759530 Uncommon trap: trap_request=0xffffff45 fr.pc=0x000002c073999058 relative=0x00000000000000b8
Event: 411.583 Thread 0x000002c04a759530 Uncommon trap: reason=unstable_if action=reinterpret pc=0x000002c073999058 method=java.lang.Integer.stringSize(I)I @ 3 c2
Event: 411.583 Thread 0x000002c04a759530 DEOPT PACKING pc=0x000002c073999058 sp=0x000000c0c7cface0
Event: 411.583 Thread 0x000002c04a759530 DEOPT UNPACKING pc=0x000002c0733346a2 sp=0x000000c0c7cfac68 mode 2
Event: 411.594 Thread 0x000002c04a759530 Uncommon trap: trap_request=0xffffff45 fr.pc=0x000002c073acb370 relative=0x0000000000000470
Event: 411.594 Thread 0x000002c04a759530 Uncommon trap: reason=unstable_if action=reinterpret pc=0x000002c073acb370 method=java.lang.Integer.stringSize(I)I @ 3 c2
Event: 411.594 Thread 0x000002c04a759530 DEOPT PACKING pc=0x000002c073acb370 sp=0x000000c0c7cfad10
Event: 411.594 Thread 0x000002c04a759530 DEOPT UNPACKING pc=0x000002c0733346a2 sp=0x000000c0c7cfac60 mode 2
Event: 411.600 Thread 0x000002c04f24b810 Uncommon trap: trap_request=0xffffff45 fr.pc=0x000002c073987dfc relative=0x000000000000013c
Event: 411.600 Thread 0x000002c04f24b810 Uncommon trap: reason=unstable_if action=reinterpret pc=0x000002c073987dfc method=java.lang.ThreadLocal.get(Ljava/lang/Thread;)Ljava/lang/Object; @ 7 c2
Event: 411.600 Thread 0x000002c04f24b810 DEOPT PACKING pc=0x000002c073987dfc sp=0x000000c0ce6fede0
Event: 411.600 Thread 0x000002c04f24b810 DEOPT UNPACKING pc=0x000002c0733346a2 sp=0x000000c0ce6fed78 mode 2
Event: 413.143 Thread 0x000002c04a759530 Uncommon trap: trap_request=0xffffffde fr.pc=0x000002c073b1201c relative=0x0000000000000bfc
Event: 413.143 Thread 0x000002c04a759530 Uncommon trap: reason=class_check action=maybe_recompile pc=0x000002c073b1201c method=java.util.HashMap.removeNode(ILjava/lang/Object;Ljava/lang/Object;ZZ)Ljava/util/HashMap$Node; @ 143 c2
Event: 413.143 Thread 0x000002c04a759530 DEOPT PACKING pc=0x000002c073b1201c sp=0x000000c0c7cf9120
Event: 413.143 Thread 0x000002c04a759530 DEOPT UNPACKING pc=0x000002c0733346a2 sp=0x000000c0c7cf90b8 mode 2
Event: 435.131 Thread 0x000002c04a759530 DEOPT PACKING pc=0x000002c06c560973 sp=0x000000c0c7cf5dc0
Event: 435.173 Thread 0x000002c04a759530 DEOPT UNPACKING pc=0x000002c073334e42 sp=0x000000c0c7cf53b8 mode 0

Classes loaded (20 events):
Event: 334.419 Loading class sun/reflect/generics/repository/FieldRepository
Event: 334.453 Loading class sun/reflect/generics/repository/FieldRepository done
Event: 337.574 Loading class java/util/regex/Pattern$Caret
Event: 337.579 Loading class java/util/regex/Pattern$Caret done
Event: 381.672 Loading class java/io/CharArrayWriter
Event: 381.675 Loading class java/io/CharArrayWriter done
Event: 385.069 Loading class java/lang/AbstractMethodError
Event: 385.071 Loading class java/lang/AbstractMethodError done
Event: 392.922 Loading class java/util/concurrent/ConcurrentLinkedQueue$Itr
Event: 392.925 Loading class java/util/concurrent/ConcurrentLinkedQueue$Itr done
Event: 395.728 Loading class java/io/NotSerializableException
Event: 395.730 Loading class java/io/NotSerializableException done
Event: 411.190 Loading class java/util/TreeMap$KeySpliterator
Event: 411.193 Loading class java/util/TreeMap$TreeMapSpliterator
Event: 411.193 Loading class java/util/TreeMap$TreeMapSpliterator done
Event: 411.193 Loading class java/util/TreeMap$KeySpliterator done
Event: 411.894 Loading class java/io/PushbackInputStream
Event: 411.895 Loading class java/io/PushbackInputStream done
Event: 412.665 Loading class java/util/AbstractList$ListItr
Event: 412.666 Loading class java/util/AbstractList$ListItr done

Classes unloaded (0 events):
No events

Classes redefined (0 events):
No events

Internal exceptions (20 events):
Event: 381.316 Thread 0x000002c04a759530 Exception <a 'java/lang/ClassNotFoundException'{0x00000006e8ced490}: com/android/build/gradle/internal/api/ApkVariantOutputImpl_DecoratedCustomizer> (0x00000006e8ced490) 
thrown [s\open\src\hotspot\share\classfile\systemDictionary.cpp, line 312]
Event: 382.007 Thread 0x000002c04a759530 Exception <a 'java/lang/NoClassDefFoundError'{0x00000006e8f38cf0}: org/jetbrains/kotlin/gradle/plugin/KotlinBasePluginWrapper> (0x00000006e8f38cf0) 
thrown [s\open\src\hotspot\share\oops\constantPool.cpp, line 871]
Event: 391.201 Thread 0x000002c04a759530 Exception <a 'java/lang/NoSuchMethodError'{0x00000006edb683e0}: static Lcom/android/build/gradle/internal/profile/ProjectData;.<clinit>()V> (0x00000006edb683e0) 
thrown [s\open\src\hotspot\share\prims\jni.cpp, line 1106]
Event: 392.825 Thread 0x000002c04a759530 Exception <a 'sun/nio/fs/WindowsException'{0x00000006ed181728}> (0x00000006ed181728) 
thrown [s\open\src\hotspot\share\prims\jni.cpp, line 520]
Event: 394.004 Thread 0x000002c04a758810 Exception <a 'java/lang/NoSuchMethodError'{0x00000006ed2b4618}: static Lorg/gradle/internal/build/event/types/DefaultSuccessResult;.<clinit>()V> (0x00000006ed2b4618) 
thrown [s\open\src\hotspot\share\prims\jni.cpp, line 1106]
Event: 401.118 Thread 0x000002c04f3dcd30 Implicit null exception at 0x000002c073b95a0b to 0x000002c073b95ae0
Event: 406.119 Thread 0x000002c04a758810 Exception <a 'java/lang/NoSuchMethodError'{0x00000006ec5cae50}: static Lorg/gradle/tooling/internal/provider/PhasedBuildActionResult;.<clinit>()V> (0x00000006ec5cae50) 
thrown [s\open\src\hotspot\share\prims\jni.cpp, line 1106]
Event: 406.137 Thread 0x000002c04a758810 Exception <a 'java/lang/NoSuchMethodError'{0x00000006ec5d4b10}: static Lorg/gradle/tooling/internal/provider/serialization/SerializedPayload;.<clinit>()V> (0x00000006ec5d4b10) 
thrown [s\open\src\hotspot\share\prims\jni.cpp, line 1106]
Event: 406.156 Thread 0x000002c04a758810 Exception <a 'java/lang/NoSuchMethodError'{0x00000006ec5d8790}: static [B.<clinit>()V> (0x00000006ec5d8790) 
thrown [s\open\src\hotspot\share\prims\jni.cpp, line 1106]
Event: 409.869 Thread 0x000002c04f3dcd30 Exception <a 'java/lang/NoSuchMethodError'{0x00000006ec3ae258}: 'java.lang.Object java.lang.invoke.DirectMethodHandle$Holder.newInvokeSpecial(java.lang.Object, java.lang.Object, int, java.lang.Object, java.lang.Object)'> (0x00000006ec3ae258) 
thrown [s\open\src\hotspot\share\interpreter\linkResolver.cpp, line 773]
Event: 411.113 Thread 0x000002c04f3dcd30 Exception <a 'java/lang/NoSuchMethodError'{0x00000006eb8a6030}: 'java.lang.Object java.lang.invoke.DirectMethodHandle$Holder.invokeVirtual(java.lang.Object, java.lang.Object, java.lang.Object, java.lang.Object, java.lang.Object, java.lang.Object, java.lang.Object, java.lang.Object, java.lang.Object, java.lang.Object, java.lang.Object, java.lang.Object, java.lang.Object, java.lang.Object, java.lang.Object, java.lang.Object, java.lang.Object, java.lang.Object, java.lang.Object)'> (0x00000006eb8a6030) 
thrown
Event: 411.253 Thread 0x000002c04a758810 Exception <a 'java/lang/NoSuchMethodError'{0x00000006eb98d4d0}: static Lorg/gradle/internal/build/event/types/DefaultTaskStartedProgressEvent;.<clinit>()V> (0x00000006eb98d4d0) 
thrown [s\open\src\hotspot\share\prims\jni.cpp, line 1106]
Event: 411.259 Thread 0x000002c04a758810 Exception <a 'java/lang/NoSuchMethodError'{0x00000006eb9cf6e8}: static Lorg/gradle/internal/build/event/types/DefaultTaskDescriptor;.<clinit>()V> (0x00000006eb9cf6e8) 
thrown [s\open\src\hotspot\share\prims\jni.cpp, line 1106]
Event: 411.308 Thread 0x000002c04a758810 Exception <a 'java/lang/NoSuchMethodError'{0x00000006eb9de240}: static Lorg/gradle/internal/build/event/types/DefaultTaskFinishedProgressEvent;.<clinit>()V> (0x00000006eb9de240) 
thrown [s\open\src\hotspot\share\prims\jni.cpp, line 1106]
Event: 411.329 Thread 0x000002c04a758810 Exception <a 'java/lang/NoSuchMethodError'{0x00000006eb9f4620}: static Lorg/gradle/internal/build/event/types/DefaultTaskSuccessResult;.<clinit>()V> (0x00000006eb9f4620) 
thrown [s\open\src\hotspot\share\prims\jni.cpp, line 1106]
Event: 411.329 Thread 0x000002c04a758810 Exception <a 'java/lang/NoSuchMethodError'{0x00000006eb9f5d58}: static Lorg/gradle/internal/build/event/types/AbstractTaskResult;.<clinit>()V> (0x00000006eb9f5d58) 
thrown [s\open\src\hotspot\share\prims\jni.cpp, line 1106]
Event: 411.599 Thread 0x000002c04f24b810 Implicit null exception at 0x000002c073987d07 to 0x000002c073987de4
Event: 412.213 Thread 0x000002c04f24b810 Exception <a 'java/lang/NoSuchMethodError'{0x00000006eb7d5ea0}: 'void java.lang.invoke.DirectMethodHandle$Holder.invokeStaticInit(java.lang.Object)'> (0x00000006eb7d5ea0) 
thrown [s\open\src\hotspot\share\interpreter\linkResolver.cpp, line 773]
Event: 412.235 Thread 0x000002c04f24b810 Exception <a 'java/lang/NoSuchMethodError'{0x00000006eb7e7bd8}: 'void java.lang.invoke.DirectMethodHandle$Holder.invokeStatic(java.lang.Object, int)'> (0x00000006eb7e7bd8) 
thrown [s\open\src\hotspot\share\interpreter\linkResolver.cpp, line 773]
Event: 412.242 Thread 0x000002c04f24b810 Exception <a 'java/lang/NoSuchMethodError'{0x00000006eb7eaf50}: 'void java.lang.invoke.DirectMethodHandle$Holder.invokeStaticInit(java.lang.Object, int)'> (0x00000006eb7eaf50) 
thrown [s\open\src\hotspot\share\interpreter\linkResolver.cpp, line 773]

ZGC Phase Switch (0 events):
No events

VM Operations (20 events):
Event: 413.951 Executing VM operation: HandshakeAllThreads (Deoptimize)
Event: 413.952 Executing VM operation: HandshakeAllThreads (Deoptimize) done
Event: 414.952 Executing VM operation: Cleanup
Event: 414.952 Executing VM operation: Cleanup done
Event: 415.964 Executing VM operation: Cleanup
Event: 415.964 Executing VM operation: Cleanup done
Event: 416.968 Executing VM operation: Cleanup
Event: 416.968 Executing VM operation: Cleanup done
Event: 417.980 Executing VM operation: Cleanup
Event: 417.980 Executing VM operation: Cleanup done
Event: 418.995 Executing VM operation: Cleanup
Event: 419.161 Executing VM operation: Cleanup done
Event: 420.175 Executing VM operation: Cleanup
Event: 420.175 Executing VM operation: Cleanup done
Event: 420.857 Executing VM operation: HandshakeAllThreads (HandshakeForDeflation)
Event: 420.858 Executing VM operation: HandshakeAllThreads (HandshakeForDeflation) done
Event: 420.858 Executing VM operation: RendezvousGCThreads
Event: 420.858 Executing VM operation: RendezvousGCThreads done
Event: 435.957 Executing VM operation: Cleanup
Event: 435.983 Executing VM operation: Cleanup done

Events (20 events):
Event: 369.903 Thread 0x000002c04a879120 Thread exited: 0x000002c04a879120
Event: 392.907 Thread 0x000002c04a879120 Thread added: 0x000002c04a879120
Event: 401.112 Thread 0x000002c04f3dcd30 Thread added: 0x000002c04f3dcd30
Event: 402.415 Thread 0x000002c04f3dcd30 Thread exited: 0x000002c04f3dcd30
Event: 409.824 Thread 0x000002c04f3dcd30 Thread added: 0x000002c04f3dcd30
Event: 409.886 Thread 0x000002c04f3dd3c0 Thread added: 0x000002c04f3dd3c0
Event: 409.886 Thread 0x000002c04f3dfb20 Thread added: 0x000002c04f3dfb20
Event: 409.887 Thread 0x000002c04f3de770 Thread added: 0x000002c04f3de770
Event: 409.888 Thread 0x000002c04f3e01b0 Thread added: 0x000002c04f3e01b0
Event: 409.889 Thread 0x000002c04f3dda50 Thread added: 0x000002c04f3dda50
Event: 409.889 Thread 0x000002c04f3de0e0 Thread added: 0x000002c04f3de0e0
Event: 409.890 Thread 0x000002c04f3dee00 Thread added: 0x000002c04f3dee00
Event: 409.890 Thread 0x000002c04f3df490 Thread added: 0x000002c04f3df490
Event: 409.890 Thread 0x000002c04f24aaf0 Thread added: 0x000002c04f24aaf0
Event: 409.891 Thread 0x000002c04f24b180 Thread added: 0x000002c04f24b180
Event: 409.893 Thread 0x000002c04f249dd0 Thread added: 0x000002c04f249dd0
Event: 410.255 Thread 0x000002c04f24a460 Thread added: 0x000002c04f24a460
Event: 411.594 Thread 0x000002c04f24b810 Thread added: 0x000002c04f24b810
Event: 414.237 Thread 0x000002c04f2490b0 Thread added: 0x000002c04f2490b0
Event: 414.447 Thread 0x000002c04f24bea0 Thread added: 0x000002c04f24bea0


Dynamic libraries:
0x00007ff798370000 - 0x00007ff798380000 	C:\Program Files\Java\jdk-21\bin\java.exe
0x00007ffdd60e0000 - 0x00007ffdd6347000 	C:\WINDOWS\SYSTEM32\ntdll.dll
0x00007ffdd4f70000 - 0x00007ffdd503b000 	C:\WINDOWS\System32\KERNEL32.DLL
0x00007ffdd38c0000 - 0x00007ffdd3cc2000 	C:\WINDOWS\System32\KERNELBASE.dll
0x00007ffdd3550000 - 0x00007ffdd369c000 	C:\WINDOWS\System32\ucrtbase.dll
0x00007ffd8bc60000 - 0x00007ffd8bc79000 	C:\Program Files\Java\jdk-21\bin\jli.dll
0x00007ffdd3e00000 - 0x00007ffdd3ebc000 	C:\WINDOWS\System32\ADVAPI32.dll
0x00007ffdd5ec0000 - 0x00007ffdd5f69000 	C:\WINDOWS\System32\msvcrt.dll
0x00007ffdd5040000 - 0x00007ffdd50e9000 	C:\WINDOWS\System32\sechost.dll
0x00007ffdd54f0000 - 0x00007ffdd5608000 	C:\WINDOWS\System32\RPCRT4.dll
0x00007ffdd4180000 - 0x00007ffdd434f000 	C:\WINDOWS\System32\USER32.dll
0x00007ffdd3520000 - 0x00007ffdd3547000 	C:\WINDOWS\System32\win32u.dll
0x00007ffdd5450000 - 0x00007ffdd547b000 	C:\WINDOWS\System32\GDI32.dll
0x00007ffda4520000 - 0x00007ffda453b000 	C:\Program Files\Java\jdk-21\bin\VCRUNTIME140.dll
0x00007ffdd3cd0000 - 0x00007ffdd3df9000 	C:\WINDOWS\System32\gdi32full.dll
0x00007ffdd3470000 - 0x00007ffdd3513000 	C:\WINDOWS\System32\msvcp_win.dll
0x00007ffdbfe00000 - 0x00007ffdc0090000 	C:\WINDOWS\WinSxS\amd64_microsoft.windows.common-controls_6595b64144ccf1df_6.0.26100.9278_none_3e0d1ba8e3303201\COMCTL32.dll
0x00007ffdcba30000 - 0x00007ffdcba3b000 	C:\WINDOWS\SYSTEM32\VERSION.dll
0x00007ffdd49f0000 - 0x00007ffdd4a21000 	C:\WINDOWS\System32\IMM32.DLL
0x00007ffdb7a30000 - 0x00007ffdb7a3c000 	C:\Program Files\Java\jdk-21\bin\vcruntime140_1.dll
0x00007ffd2e640000 - 0x00007ffd2e6ce000 	C:\Program Files\Java\jdk-21\bin\msvcp140.dll
0x00007ffd11ac0000 - 0x00007ffd127d7000 	C:\Program Files\Java\jdk-21\bin\server\jvm.dll
0x00007ffdd40f0000 - 0x00007ffdd4170000 	C:\WINDOWS\System32\WS2_32.dll
0x00007ffdd3090000 - 0x00007ffdd30ee000 	C:\WINDOWS\SYSTEM32\POWRPROF.dll
0x00007ffdcae20000 - 0x00007ffdcae56000 	C:\WINDOWS\SYSTEM32\WINMM.dll
0x00007ffdd2f60000 - 0x00007ffdd2f75000 	C:\WINDOWS\SYSTEM32\UMPDC.dll
0x00007ffdd1fb0000 - 0x00007ffdd1fcb000 	C:\WINDOWS\SYSTEM32\kernel.appcore.dll
0x00007ffdb7680000 - 0x00007ffdb768a000 	C:\Program Files\Java\jdk-21\bin\jimage.dll
0x00007ffdd06f0000 - 0x00007ffdd093c000 	C:\WINDOWS\SYSTEM32\DBGHELP.DLL
0x00007ffdd4360000 - 0x00007ffdd46e5000 	C:\WINDOWS\System32\combase.dll
0x00007ffdd5270000 - 0x00007ffdd5349000 	C:\WINDOWS\System32\OLEAUT32.dll
0x00007ffdbe590000 - 0x00007ffdbe5cb000 	C:\WINDOWS\SYSTEM32\dbgcore.DLL
0x00007ffdd3800000 - 0x00007ffdd38ac000 	C:\WINDOWS\System32\bcryptPrimitives.dll
0x00007ffda4920000 - 0x00007ffda492f000 	C:\Program Files\Java\jdk-21\bin\instrument.dll
0x00007ffd8bc40000 - 0x00007ffd8bc5f000 	C:\Program Files\Java\jdk-21\bin\java.dll
0x00007ffdd56d0000 - 0x00007ffdd5e68000 	C:\WINDOWS\System32\SHELL32.dll
0x00007ffdd0d30000 - 0x00007ffdd15de000 	C:\WINDOWS\SYSTEM32\windows.storage.dll
0x00007ffdd5f70000 - 0x00007ffdd606b000 	C:\WINDOWS\System32\SHCORE.dll
0x00007ffdd4f00000 - 0x00007ffdd4f66000 	C:\WINDOWS\System32\shlwapi.dll
0x00007ffdd3200000 - 0x00007ffdd3229000 	C:\WINDOWS\SYSTEM32\profapi.dll
0x00007ffd2e560000 - 0x00007ffd2e637000 	C:\Program Files\Java\jdk-21\bin\jsvml.dll
0x00007ffd8bc20000 - 0x00007ffd8bc38000 	C:\Program Files\Java\jdk-21\bin\zip.dll
0x00007ffd9d7e0000 - 0x00007ffd9d7f0000 	C:\Program Files\Java\jdk-21\bin\net.dll
0x00007ffdc88e0000 - 0x00007ffdc8a0a000 	C:\WINDOWS\SYSTEM32\WINHTTP.dll
0x00007ffdd2570000 - 0x00007ffdd25dc000 	C:\WINDOWS\system32\mswsock.dll
0x00007ffd6f790000 - 0x00007ffd6f7a6000 	C:\Program Files\Java\jdk-21\bin\nio.dll
0x00007ffd93820000 - 0x00007ffd93830000 	C:\Program Files\Java\jdk-21\bin\verify.dll
0x00007ffd9da20000 - 0x00007ffd9da47000 	C:\Users\Apoorv Rathore\.gradle\native\c067742578af261105cb4f569cf0c3c89f3d7b1fecec35dd04571415982c5e48\windows-amd64\native-platform.dll
0x00007ffd62650000 - 0x00007ffd62794000 	C:\Users\Apoorv Rathore\.gradle\native\100fb08df4bc3b14c8652ba06237920a3bd2aa13389f12d3474272988ae205f9\windows-amd64\native-platform-file-events.dll
0x00007ffd71930000 - 0x00007ffd7193a000 	C:\Program Files\Java\jdk-21\bin\management.dll
0x00007ffd71920000 - 0x00007ffd7192b000 	C:\Program Files\Java\jdk-21\bin\management_ext.dll
0x00007ffdd4ee0000 - 0x00007ffdd4ee8000 	C:\WINDOWS\System32\PSAPI.DLL
0x00007ffdd2880000 - 0x00007ffdd289b000 	C:\WINDOWS\SYSTEM32\CRYPTSP.dll
0x00007ffdd1f10000 - 0x00007ffdd1f49000 	C:\WINDOWS\system32\rsaenh.dll
0x00007ffdd2620000 - 0x00007ffdd2654000 	C:\WINDOWS\SYSTEM32\USERENV.dll
0x00007ffdd31d0000 - 0x00007ffdd31fa000 	C:\WINDOWS\SYSTEM32\bcrypt.dll
0x00007ffdd2860000 - 0x00007ffdd286c000 	C:\WINDOWS\SYSTEM32\CRYPTBASE.dll
0x00007ffdd1930000 - 0x00007ffdd1963000 	C:\WINDOWS\SYSTEM32\IPHLPAPI.DLL
0x00007ffdd4ef0000 - 0x00007ffdd4efa000 	C:\WINDOWS\System32\NSI.dll
0x00007ffd71910000 - 0x00007ffd71919000 	C:\Program Files\Java\jdk-21\bin\extnet.dll
0x00007ffd71900000 - 0x00007ffd7190e000 	C:\Program Files\Java\jdk-21\bin\sunmscapi.dll
0x00007ffdd32e0000 - 0x00007ffdd345e000 	C:\WINDOWS\System32\CRYPT32.dll
0x00007ffdd2aa0000 - 0x00007ffdd2ad0000 	C:\WINDOWS\SYSTEM32\ncrypt.dll
0x00007ffdd2a50000 - 0x00007ffdd2a8f000 	C:\WINDOWS\SYSTEM32\NTASN1.dll
0x00007ffdc8300000 - 0x00007ffdc8308000 	C:\WINDOWS\system32\wshunix.dll
0x00007ffdd19c0000 - 0x00007ffdd1b18000 	C:\WINDOWS\SYSTEM32\DNSAPI.dll
0x00007ffdd2350000 - 0x00007ffdd235d000 	C:\WINDOWS\SYSTEM32\DSPARSE.dll
0x00007ffdcba20000 - 0x00007ffdcba2b000 	C:\Windows\System32\rasadhlp.dll
0x00007ffdc73d0000 - 0x00007ffdc7456000 	C:\WINDOWS\System32\fwpuclnt.dll

dbghelp: loaded successfully - version: 4.0.5 - missing functions: none
symbol engine: initialized successfully - sym options: 0x614 - pdb path: .;C:\Program Files\Java\jdk-21\bin;C:\WINDOWS\SYSTEM32;C:\WINDOWS\WinSxS\amd64_microsoft.windows.common-controls_6595b64144ccf1df_6.0.26100.9278_none_3e0d1ba8e3303201;C:\Program Files\Java\jdk-21\bin\server;C:\Users\Apoorv Rathore\.gradle\native\c067742578af261105cb4f569cf0c3c89f3d7b1fecec35dd04571415982c5e48\windows-amd64;C:\Users\Apoorv Rathore\.gradle\native\100fb08df4bc3b14c8652ba06237920a3bd2aa13389f12d3474272988ae205f9\windows-amd64

VM Arguments:
jvm_args: --add-opens=java.base/java.lang=ALL-UNNAMED --add-opens=java.base/java.lang.invoke=ALL-UNNAMED --add-opens=java.base/java.util=ALL-UNNAMED --add-opens=java.prefs/java.util.prefs=ALL-UNNAMED --add-exports=jdk.compiler/com.sun.tools.javac.api=ALL-UNNAMED --add-exports=jdk.compiler/com.sun.tools.javac.util=ALL-UNNAMED --add-opens=java.base/java.util=ALL-UNNAMED --add-opens=java.prefs/java.util.prefs=ALL-UNNAMED --add-opens=java.base/java.nio.charset=ALL-UNNAMED --add-opens=java.base/java.net=ALL-UNNAMED --add-opens=java.base/java.util.concurrent.atomic=ALL-UNNAMED --add-opens=java.xml/javax.xml.namespace=ALL-UNNAMED -Xmx4608m -Dfile.encoding=UTF-8 -Duser.country=US -Duser.language=en -Duser.variant -javaagent:C:\Users\Apoorv Rathore\.gradle\wrapper\dists\gradle-8.11.1-bin\bpt9gzteqjrbo1mjrsomdt32c\gradle-8.11.1\lib\agents\gradle-instrumentation-agent-8.11.1.jar 
java_command: org.gradle.launcher.daemon.bootstrap.GradleDaemon 8.11.1
java_class_path (initial): C:\Users\Apoorv Rathore\.gradle\wrapper\dists\gradle-8.11.1-bin\bpt9gzteqjrbo1mjrsomdt32c\gradle-8.11.1\lib\gradle-daemon-main-8.11.1.jar
Launcher Type: SUN_STANDARD

[Global flags]
     intx CICompilerCount                          = 4                                         {product} {ergonomic}
     uint ConcGCThreads                            = 3                                         {product} {ergonomic}
     uint G1ConcRefinementThreads                  = 10                                        {product} {ergonomic}
   size_t G1HeapRegionSize                         = 4194304                                   {product} {ergonomic}
    uintx GCDrainStackTargetSize                   = 64                                        {product} {ergonomic}
   size_t InitialHeapSize                          = 125829120                                 {product} {ergonomic}
   size_t MarkStackSize                            = 4194304                                   {product} {ergonomic}
   size_t MaxHeapSize                              = 4831838208                                {product} {command line}
   size_t MaxNewSize                               = 2898264064                                {product} {ergonomic}
   size_t MinHeapDeltaBytes                        = 4194304                                   {product} {ergonomic}
   size_t MinHeapSize                              = 8388608                                   {product} {ergonomic}
    uintx NonNMethodCodeHeapSize                   = 5839372                                {pd product} {ergonomic}
    uintx NonProfiledCodeHeapSize                  = 122909434                              {pd product} {ergonomic}
    uintx ProfiledCodeHeapSize                     = 122909434                              {pd product} {ergonomic}
    uintx ReservedCodeCacheSize                    = 251658240                              {pd product} {ergonomic}
     bool SegmentedCodeCache                       = true                                      {product} {ergonomic}
   size_t SoftMaxHeapSize                          = 4831838208                             {manageable} {ergonomic}
     bool UseCompressedOops                        = true                           {product lp64_product} {ergonomic}
     bool UseG1GC                                  = true                                      {product} {ergonomic}
     bool UseLargePagesIndividualAllocation        = false                                  {pd product} {ergonomic}

Logging:
Log output configuration:
 #0: stdout all=warning uptime,level,tags foldmultilines=false
 #1: stderr all=off uptime,level,tags foldmultilines=false

Environment Variables:
PATH=C:\Program Files\Common Files\Oracle\Java\javapath;C:\WINDOWS\system32;C:\WINDOWS;C:\WINDOWS\System32\Wbem;C:\WINDOWS\System32\WindowsPowerShell\v1.0\;C:\WINDOWS\System32\OpenSSH\;C:\Users\Apoorv Rathore\Desktop\MinGW Installer.lnk;C:\MinGW\bin;C:\Program Files\Java\jdk-18.0.2\bin;C:\ProgramData\chocolatey\bin;C:\xampp\php;C:\composer;C:\Program Files\Git\cmd;C:\Program Files\MongoDB\Server\8.0\bin;C:\Program Files\nodejs\;C:\Users\Apoorv Rathore\.local\bin;C:\Program Files\MySQL\MySQL Shell 8.0\bin\;C:\Users\Apoorv Rathore\Scripts\;C:\Users\Apoorv Rathore\;C:\Users\Apoorv Rathore\AppData\Local\Microsoft\WindowsApps;C:\Users\Apoorv Rathore\AppData\Local\Programs\Microsoft VS Code\bin;C:\Program Files\JetBrains\IntelliJ IDEA Community Edition 2022.1.4\bin;;C:\Users\Apoorv Rathore\AppData\Roaming\Pub\Cache\bin;C:\Program Files\JetBrains\PyCharm Community Edition 2023.2.1\bin;;C:\Users\Apoorv Rathore\AppData\Roaming\Composer\vendor\bin;C:\Users\Apoorv Rathore\AppData\Roaming\npm;C:\flutter\bin;C:\Users\Apoorv Rathore\AppData\Local\Android\Sdk\platform-tools;C:\Users\Apoorv Rathore\AppData\Local\Google\Cloud SDK\google-cloud-sdk\bin
USERNAME=Apoorv Rathore
OS=Windows_NT
PROCESSOR_IDENTIFIER=AMD64 Family 23 Model 104 Stepping 1, AuthenticAMD
TMP=C:\Users\APOORV~1\AppData\Local\Temp
TEMP=C:\Users\APOORV~1\AppData\Local\Temp




Periodic native trim disabled

---------------  S Y S T E M  ---------------

OS:
 Windows 11 , 64 bit Build 26100 (10.0.26100.9444)
OS uptime: 3 days 2:07 hours
Hyper-V role detected

CPU: total 12 (initial active 12) (12 cores per cpu, 2 threads per core) family 23 model 104 stepping 1 microcode 0x8608103, cx8, cmov, fxsr, ht, mmx, 3dnowpref, sse, sse2, sse3, ssse3, sse4a, sse4.1, sse4.2, popcnt, lzcnt, tsc, tscinvbit, avx, avx2, aes, clmul, bmi1, bmi2, adx, sha, fma, vzeroupper, clflush, clflushopt, hv, rdtscp, rdpid, f16c
Processor Information for all 12 processors :
  Max Mhz: 2100, Current Mhz: 2100, Mhz Limit: 2100

Memory: 4k page, system-wide physical 7563M (1026M free)
TotalPageFile size 31115M (AvailPageFile size 0M)
current process WorkingSet (physical memory assigned to process): 49M, peak: 262M
current process commit charge ("private bytes"): 539M, peak: 549M

vm_info: Java HotSpot(TM) 64-Bit Server VM (21.0.2+13-LTS-58) for windows-amd64 JRE (21.0.2+13-LTS-58), built on 2024-01-05T18:32:24Z by "mach5one" with MS VC++ 17.1 (VS2022)

END.
